<?xml version="1.0" encoding="UTF-8"?>
<TestRun id="d3b83d03-4ff2-4314-a2f3-4b99f364ecb9" name="qzavyer@SAHALIN 2015-02-22 14:59:36" runUser="sahalin\qzavyer" xmlns="http://microsoft.com/schemas/VisualStudio/TeamTest/2010">
  <TestSettings name="Локальные" id="74841a33-77c8-41e6-acd7-6afa2e4fcb45">
    <Description>Это - параметры по умолчанию для локального тестового запуска.</Description>
    <Deployment userDeploymentRoot="C:\Users\qzavyer\Documents\Visual Studio 2010\Projects\ETopo\TestResults" useDefaultDeploymentRoot="false" enabled="false" runDeploymentRoot="qzavyer_SAHALIN 2015-02-22 14_59_36">
      <DeploymentItem filename="C:\Users\qzavyer\Documents\Visual Studio 2010\Projects\ETopo\ETopo\bin\Debug\ETopo.exe" />
    </Deployment>
    <Execution>
      <TestTypeSpecific />
      <AgentRule name="Execution Agents">
      </AgentRule>
    </Execution>
  </TestSettings>
  <Times creation="2015-02-22T14:59:36.0098000+05:00" queuing="2015-02-22T14:59:36.0138000+05:00" start="2015-02-22T14:59:36.0228000+05:00" finish="2015-02-22T14:59:36.2888000+05:00" />
  <ResultSummary outcome="Completed">
    <Counters total="1" executed="1" passed="1" error="0" failed="0" timeout="0" aborted="0" inconclusive="0" passedButRunAborted="0" notRunnable="0" notExecuted="0" disconnected="0" warning="0" completed="0" inProgress="0" pending="0" />
  </ResultSummary>
  <TestDefinitions>
    <UnitTest name="TestGetRingOffset" storage="c:\users\qzavyer\documents\visual studio 2010\projects\etopo\etopotest\bin\debug\etopotest.dll" id="7e6aa152-096e-5a55-7472-0a071b6ed3d2">
      <Execution id="51588080-9090-4c74-907b-388b677e1115" />
      <TestMethod codeBase="C:/Users/qzavyer/Documents/Visual Studio 2010/Projects/ETopo/ETopoTest/bin/Debug/ETopoTest.DLL" adapterTypeName="Microsoft.VisualStudio.TestTools.TestTypes.Unit.UnitTestAdapter, Microsoft.VisualStudio.QualityTools.Tips.UnitTest.Adapter, Version=10.0.0.0, Culture=neutral, PublicKeyToken=b03f5f7f11d50a3a" className="ETopoTest.TopoListTest, ETopoTest, Version=1.0.0.0, Culture=neutral, PublicKeyToken=null" name="TestGetRingOffset" />
    </UnitTest>
  </TestDefinitions>
  <TestLists>
    <TestList name="Отсутствующие в списке результаты" id="8c84fa94-04c1-424b-9868-57a2d4851a1d" />
    <TestList name="Все загруженные результаты" id="19431567-8539-422a-85d7-44ee4e166bda" />
  </TestLists>
  <TestEntries>
    <TestEntry testId="7e6aa152-096e-5a55-7472-0a071b6ed3d2" executionId="51588080-9090-4c74-907b-388b677e1115" testListId="8c84fa94-04c1-424b-9868-57a2d4851a1d" />
  </TestEntries>
  <Results>
    <UnitTestResult executionId="51588080-9090-4c74-907b-388b677e1115" testId="7e6aa152-096e-5a55-7472-0a071b6ed3d2" testName="TestGetRingOffset" computerName="SAHALIN" duration="00:00:00.0300069" startTime="2015-02-22T14:59:36.0338000+05:00" endTime="2015-02-22T14:59:36.2688000+05:00" testType="13cdc9d9-ddb5-4fa4-a97d-d965ccfc6d4b" outcome="Passed" testListId="8c84fa94-04c1-424b-9868-57a2d4851a1d" relativeResultsDirectory="51588080-9090-4c74-907b-388b677e1115">
    </UnitTestResult>
  </Results>
</TestRun>